<!-- create by jade! -->

<html>
  <head>
    <title>你好啊</title>
  </head>
  <body></body>
</html>
<div class="content">aaa</div>