<!-- create by jade! -->
<!DOCTYPE html>
<html>
  <body>
    <div id="header" class="center">你好</div>
  </body>
</html>