<!-- create by jade! -->

<html>
  <body>
    <div id="header">aa</div>
  </body>
</html>