<!-- create by jade! -->

<html>
  <head>
    <title>你好啊</title>
  </head>
  <body></body>
</html>
<div class="inner">哈哈
  <div class="txt">测试测试</div>
</div>
<div class="content">aaa</div>